// Jest Snapshot v1, https://goo.gl/fbAQLP

exports[`<LatestComments /> renders without exploding 1`] = `
ShallowWrapper {
  "complexSelector": ComplexSelector {
    "buildPredicate": [Function],
    "childrenOfNode": [Function],
    "findWhereUnwrapped": [Function],
  },
  "length": 1,
  "node": <div
    className="LatestComments"
  >
    <div
      className="LatestComments__container"
    >
      <h4
        className="LatestComments__title"
      >
        <i
          className="iconfont icon-time LatestComments__icon"
        />
         
        <FormattedMessage
          defaultMessage="Latest Comments"
          id="latest_comments"
          values={Object {}}
        />
      </h4>
      <div
        className="LatestComments__divider"
      />
      <RenderComment
        author="sekhmet"
        created="2017-10-17T09:52:51"
        id={0}
        text="hello world"
      />
      <RenderComment
        author="fabien"
        created="2017-10-11T10:52:51"
        id={1}
        text="hi Busy"
      />
      <div
        className="LatestComments__divider"
      />
      <h4
        className="LatestComments__more"
      >
        <Link
          replace={false}
          to="/latest-comments"
        >
          <FormattedMessage
            defaultMessage="See All Comments"
            id="see_all_comments"
            values={Object {}}
          />
        </Link>
      </h4>
    </div>
  </div>,
  "nodes": Array [
    <div
      className="LatestComments"
    >
      <div
        className="LatestComments__container"
      >
        <h4
          className="LatestComments__title"
        >
          <i
            className="iconfont icon-time LatestComments__icon"
          />
           
          <FormattedMessage
            defaultMessage="Latest Comments"
            id="latest_comments"
            values={Object {}}
          />
        </h4>
        <div
          className="LatestComments__divider"
        />
        <RenderComment
          author="sekhmet"
          created="2017-10-17T09:52:51"
          id={0}
          text="hello world"
        />
        <RenderComment
          author="fabien"
          created="2017-10-11T10:52:51"
          id={1}
          text="hi Busy"
        />
        <div
          className="LatestComments__divider"
        />
        <h4
          className="LatestComments__more"
        >
          <Link
            replace={false}
            to="/latest-comments"
          >
            <FormattedMessage
              defaultMessage="See All Comments"
              id="see_all_comments"
              values={Object {}}
            />
          </Link>
        </h4>
      </div>
    </div>,
  ],
  "options": Object {},
  "renderer": ReactShallowRenderer {
    "_instance": ShallowComponentWrapper {
      "_calledComponentWillUnmount": false,
      "_compositeType": 2,
      "_context": Object {},
      "_currentElement": <LatestComments
        comments={
          Array [
            Object {
              "author": "sekhmet",
              "created": "2017-10-17T09:52:51",
              "id": 0,
              "text": "hello world",
            },
            Object {
              "author": "fabien",
              "created": "2017-10-11T10:52:51",
              "id": 1,
              "text": "hi Busy",
            },
          ]
        }
      />,
      "_debugID": 1,
      "_hostContainerInfo": null,
      "_hostParent": null,
      "_instance": StatelessComponent {
        "_reactInternalInstance": [Circular],
        "context": Object {},
        "props": Object {
          "comments": Array [
            Object {
              "author": "sekhmet",
              "created": "2017-10-17T09:52:51",
              "id": 0,
              "text": "hello world",
            },
            Object {
              "author": "fabien",
              "created": "2017-10-11T10:52:51",
              "id": 1,
              "text": "hi Busy",
            },
          ],
        },
        "refs": Object {},
        "state": null,
        "updater": Object {
          "enqueueCallback": [Function],
          "enqueueCallbackInternal": [Function],
          "enqueueElementInternal": [Function],
          "enqueueForceUpdate": [Function],
          "enqueueReplaceState": [Function],
          "enqueueSetState": [Function],
          "isMounted": [Function],
          "validateCallback": [Function],
        },
      },
      "_mountOrder": 1,
      "_pendingCallbacks": null,
      "_pendingElement": null,
      "_pendingForceUpdate": false,
      "_pendingReplaceState": false,
      "_pendingStateQueue": null,
      "_renderedComponent": NoopInternalComponent {
        "_currentElement": <div
          className="LatestComments"
        >
          <div
            className="LatestComments__container"
          >
            <h4
              className="LatestComments__title"
            >
              <i
                className="iconfont icon-time LatestComments__icon"
              />
               
              <FormattedMessage
                defaultMessage="Latest Comments"
                id="latest_comments"
                values={Object {}}
              />
            </h4>
            <div
              className="LatestComments__divider"
            />
            <RenderComment
              author="sekhmet"
              created="2017-10-17T09:52:51"
              id={0}
              text="hello world"
            />
            <RenderComment
              author="fabien"
              created="2017-10-11T10:52:51"
              id={1}
              text="hi Busy"
            />
            <div
              className="LatestComments__divider"
            />
            <h4
              className="LatestComments__more"
            >
              <Link
                replace={false}
                to="/latest-comments"
              >
                <FormattedMessage
                  defaultMessage="See All Comments"
                  id="see_all_comments"
                  values={Object {}}
                />
              </Link>
            </h4>
          </div>
        </div>,
        "_debugID": 2,
        "_renderedOutput": <div
          className="LatestComments"
        >
          <div
            className="LatestComments__container"
          >
            <h4
              className="LatestComments__title"
            >
              <i
                className="iconfont icon-time LatestComments__icon"
              />
               
              <FormattedMessage
                defaultMessage="Latest Comments"
                id="latest_comments"
                values={Object {}}
              />
            </h4>
            <div
              className="LatestComments__divider"
            />
            <RenderComment
              author="sekhmet"
              created="2017-10-17T09:52:51"
              id={0}
              text="hello world"
            />
            <RenderComment
              author="fabien"
              created="2017-10-11T10:52:51"
              id={1}
              text="hi Busy"
            />
            <div
              className="LatestComments__divider"
            />
            <h4
              className="LatestComments__more"
            >
              <Link
                replace={false}
                to="/latest-comments"
              >
                <FormattedMessage
                  defaultMessage="See All Comments"
                  id="see_all_comments"
                  values={Object {}}
                />
              </Link>
            </h4>
          </div>
        </div>,
      },
      "_renderedNodeType": 0,
      "_rootNodeID": 0,
      "_topLevelWrapper": null,
      "_updateBatchNumber": null,
      "_warnedAboutRefsInRender": false,
    },
    "getRenderOutput": [Function],
    "render": [Function],
  },
  "root": [Circular],
  "unrendered": <LatestComments
    comments={
      Array [
        Object {
          "author": "sekhmet",
          "created": "2017-10-17T09:52:51",
          "id": 0,
          "text": "hello world",
        },
        Object {
          "author": "fabien",
          "created": "2017-10-11T10:52:51",
          "id": 1,
          "text": "hi Busy",
        },
      ]
    }
  />,
}
`;
